
> nocode-x-studio@0.0.0 build
> vite build

[36mvite v6.4.1 [32mbuilding for production...[36m[39m
<script src="__neutralino_globals.js"> in "/index.html" can't be bundled without type="module" attribute
transforming...
[32m✓[39m 32 modules transformed.
[31m✗[39m Build failed in 1.09s
[31merror during build:
[31m[vite:esbuild] Transform failed with 1 error:
C:/Users/suman/Downloads/vite.config/components/VibeAssistant.tsx:108:25: ERROR: Syntax error "`"[31m
file: [36mC:/Users/suman/Downloads/vite.config/components/VibeAssistant.tsx:108:25[31m
[33m
[33mSyntax error "`"[33m
106|  
107|      return (
108|          <div className={\`fixed bottom-6 right-6 z-[100] w-96 flex flex-col glass-panel shadow-2xl shadow-indigo-500/10 border border-slate-700/60 rounded-xl overflow-hidden transition-all duration-300 \${isMinimized ? 'h-14' : 'h-[500px]'}\`}>
   |                           ^
109|        {/* Header */}
110|        <div className="flex items-center justify-between px-4 py-3 bg-slate-900/80 border-b border-slate-700/50 cursor-pointer" onClick={() => setIsMinimized(!isMinimized)}>
[31m
    at failureErrorWithLog (C:\Users\suman\Downloads\vite.config\node_modules\esbuild\lib\main.js:1467:15)
    at C:\Users\suman\Downloads\vite.config\node_modules\esbuild\lib\main.js:736:50
    at responseCallbacks.<computed> (C:\Users\suman\Downloads\vite.config\node_modules\esbuild\lib\main.js:603:9)
    at handleIncomingPacket (C:\Users\suman\Downloads\vite.config\node_modules\esbuild\lib\main.js:658:12)
    at Socket.readFromStdout (C:\Users\suman\Downloads\vite.config\node_modules\esbuild\lib\main.js:581:7)
    at Socket.emit (node:events:518:28)
    at addChunk (node:internal/streams/readable:561:12)
    at readableAddChunkPushByteMode (node:internal/streams/readable:512:3)
    at Readable.push (node:internal/streams/readable:392:5)
    at Pipe.onStreamRead (node:internal/stream_base_commons:189:23)[39m
